app/page.tsx(3,8): error TS1259: Module '"E:/Users/SMC.SIM/Downloads/Minimalist/node_modules/@types/react/index"' can only be default-imported using the 'esModuleInterop' flag
app/page.tsx(4,25): error TS2307: Cannot find module '@/components/Sidebar' or its corresponding type declarations.
app/page.tsx(5,26): error TS2307: Cannot find module '@/components/TaskList' or its corresponding type declarations.
app/page.tsx(6,29): error TS2307: Cannot find module '@/components/DetailPanel' or its corresponding type declarations.
app/page.tsx(7,27): error TS2307: Cannot find module '@/components/BoardView' or its corresponding type declarations.
app/page.tsx(8,30): error TS2307: Cannot find module '@/components/CalendarView' or its corresponding type declarations.
app/page.tsx(9,27): error TS2307: Cannot find module '@/components/GanttView' or its corresponding type declarations.
app/page.tsx(10,111): error TS2307: Cannot find module '@/lib/data' or its corresponding type declarations.
app/page.tsx(12,20): error TS2307: Cannot find module '@/lib/utils' or its corresponding type declarations.
app/page.tsx(53,5): error TS17004: Cannot use JSX unless the '--jsx' flag is provided.
app/page.tsx(61,7): error TS17004: Cannot use JSX unless the '--jsx' flag is provided.
app/page.tsx(62,9): error TS17004: Cannot use JSX unless the '--jsx' flag is provided.
app/page.tsx(68,11): error TS17004: Cannot use JSX unless the '--jsx' flag is provided.
app/page.tsx(70,9): error TS17004: Cannot use JSX unless the '--jsx' flag is provided.
app/page.tsx(73,11): error TS17004: Cannot use JSX unless the '--jsx' flag is provided.
app/page.tsx(85,11): error TS17004: Cannot use JSX unless the '--jsx' flag is provided.
app/page.tsx(90,9): error TS17004: Cannot use JSX unless the '--jsx' flag is provided.
app/page.tsx(91,11): error TS17004: Cannot use JSX unless the '--jsx' flag is provided.
app/page.tsx(96,13): error TS17004: Cannot use JSX unless the '--jsx' flag is provided.
app/page.tsx(98,11): error TS17004: Cannot use JSX unless the '--jsx' flag is provided.
app/page.tsx(103,13): error TS17004: Cannot use JSX unless the '--jsx' flag is provided.
app/page.tsx(416,5): error TS17004: Cannot use JSX unless the '--jsx' flag is provided.
app/page.tsx(419,7): error TS17004: Cannot use JSX unless the '--jsx' flag is provided.
app/page.tsx(435,7): error TS17004: Cannot use JSX unless the '--jsx' flag is provided.
app/page.tsx(438,9): error TS17004: Cannot use JSX unless the '--jsx' flag is provided.
app/page.tsx(439,11): error TS17004: Cannot use JSX unless the '--jsx' flag is provided.
app/page.tsx(440,13): error TS17004: Cannot use JSX unless the '--jsx' flag is provided.
app/page.tsx(445,15): error TS17004: Cannot use JSX unless the '--jsx' flag is provided.
app/page.tsx(447,13): error TS17004: Cannot use JSX unless the '--jsx' flag is provided.
app/page.tsx(450,15): error TS17004: Cannot use JSX unless the '--jsx' flag is provided.
app/page.tsx(451,17): error TS17004: Cannot use JSX unless the '--jsx' flag is provided.
app/page.tsx(456,19): error TS17004: Cannot use JSX unless the '--jsx' flag is provided.
app/page.tsx(460,19): error TS17004: Cannot use JSX unless the '--jsx' flag is provided.
app/page.tsx(461,21): error TS17004: Cannot use JSX unless the '--jsx' flag is provided.
app/page.tsx(462,21): error TS17004: Cannot use JSX unless the '--jsx' flag is provided.
app/page.tsx(463,23): error TS17004: Cannot use JSX unless the '--jsx' flag is provided.
app/page.tsx(464,23): error TS17004: Cannot use JSX unless the '--jsx' flag is provided.
app/page.tsx(469,57): error TS17004: Cannot use JSX unless the '--jsx' flag is provided.
app/page.tsx(471,23): error TS17004: Cannot use JSX unless the '--jsx' flag is provided.
app/page.tsx(476,56): error TS17004: Cannot use JSX unless the '--jsx' flag is provided.
app/page.tsx(478,23): error TS17004: Cannot use JSX unless the '--jsx' flag is provided.
app/page.tsx(483,54): error TS17004: Cannot use JSX unless the '--jsx' flag is provided.
app/page.tsx(492,15): error TS17004: Cannot use JSX unless the '--jsx' flag is provided.
app/page.tsx(493,17): error TS17004: Cannot use JSX unless the '--jsx' flag is provided.
app/page.tsx(498,19): error TS17004: Cannot use JSX unless the '--jsx' flag is provided.
app/page.tsx(500,17): error TS17004: Cannot use JSX unless the '--jsx' flag is provided.
app/page.tsx(505,19): error TS17004: Cannot use JSX unless the '--jsx' flag is provided.
app/page.tsx(508,17): error TS17004: Cannot use JSX unless the '--jsx' flag is provided.
app/page.tsx(509,19): error TS17004: Cannot use JSX unless the '--jsx' flag is provided.
app/page.tsx(519,21): error TS17004: Cannot use JSX unless the '--jsx' flag is provided.
app/page.tsx(523,21): error TS17004: Cannot use JSX unless the '--jsx' flag is provided.
app/page.tsx(524,23): error TS17004: Cannot use JSX unless the '--jsx' flag is provided.
app/page.tsx(525,23): error TS17004: Cannot use JSX unless the '--jsx' flag is provided.
app/page.tsx(526,25): error TS17004: Cannot use JSX unless the '--jsx' flag is provided.
app/page.tsx(531,27): error TS17004: Cannot use JSX unless the '--jsx' flag is provided.
app/page.tsx(533,31): error TS17004: Cannot use JSX unless the '--jsx' flag is provided.
app/page.tsx(544,33): error TS17004: Cannot use JSX unless the '--jsx' flag is provided.
app/page.tsx(548,74): error TS17004: Cannot use JSX unless the '--jsx' flag is provided.
app/page.tsx(550,33): error TS17004: Cannot use JSX unless the '--jsx' flag is provided.
app/page.tsx(556,31): error TS17004: Cannot use JSX unless the '--jsx' flag is provided.
app/page.tsx(567,27): error TS17004: Cannot use JSX unless the '--jsx' flag is provided.
app/page.tsx(569,31): error TS17004: Cannot use JSX unless the '--jsx' flag is provided.
app/page.tsx(580,33): error TS17004: Cannot use JSX unless the '--jsx' flag is provided.
app/page.tsx(584,70): error TS17004: Cannot use JSX unless the '--jsx' flag is provided.
app/page.tsx(586,33): error TS17004: Cannot use JSX unless the '--jsx' flag is provided.
app/page.tsx(592,31): error TS17004: Cannot use JSX unless the '--jsx' flag is provided.
app/page.tsx(609,15): error TS17004: Cannot use JSX unless the '--jsx' flag is provided.
app/page.tsx(615,11): error TS17004: Cannot use JSX unless the '--jsx' flag is provided.
app/page.tsx(616,13): error TS17004: Cannot use JSX unless the '--jsx' flag is provided.
app/page.tsx(624,15): error TS17004: Cannot use JSX unless the '--jsx' flag is provided.
app/page.tsx(626,13): error TS17004: Cannot use JSX unless the '--jsx' flag is provided.
app/page.tsx(634,15): error TS17004: Cannot use JSX unless the '--jsx' flag is provided.
app/page.tsx(636,13): error TS17004: Cannot use JSX unless the '--jsx' flag is provided.
app/page.tsx(644,15): error TS17004: Cannot use JSX unless the '--jsx' flag is provided.
app/page.tsx(646,13): error TS17004: Cannot use JSX unless the '--jsx' flag is provided.
app/page.tsx(654,15): error TS17004: Cannot use JSX unless the '--jsx' flag is provided.
app/page.tsx(660,9): error TS17004: Cannot use JSX unless the '--jsx' flag is provided.
app/page.tsx(662,13): error TS17004: Cannot use JSX unless the '--jsx' flag is provided.
app/page.tsx(663,15): error TS17004: Cannot use JSX unless the '--jsx' flag is provided.
app/page.tsx(682,13): error TS17004: Cannot use JSX unless the '--jsx' flag is provided.
app/page.tsx(683,15): error TS17004: Cannot use JSX unless the '--jsx' flag is provided.
app/page.tsx(703,13): error TS17004: Cannot use JSX unless the '--jsx' flag is provided.
app/page.tsx(704,15): error TS17004: Cannot use JSX unless the '--jsx' flag is provided.
app/page.tsx(712,13): error TS17004: Cannot use JSX unless the '--jsx' flag is provided.
app/page.tsx(713,15): error TS17004: Cannot use JSX unless the '--jsx' flag is provided.
app/page.tsx(732,7): error TS17004: Cannot use JSX unless the '--jsx' flag is provided.
app/page.tsx(748,9): error TS17004: Cannot use JSX unless the '--jsx' flag is provided.
app/page.tsx(749,11): error TS17004: Cannot use JSX unless the '--jsx' flag is provided.
app/page.tsx(750,13): error TS17004: Cannot use JSX unless the '--jsx' flag is provided.
app/page.tsx(751,15): error TS17004: Cannot use JSX unless the '--jsx' flag is provided.
app/page.tsx(752,15): error TS17004: Cannot use JSX unless the '--jsx' flag is provided.
app/page.tsx(756,17): error TS17004: Cannot use JSX unless the '--jsx' flag is provided.
app/page.tsx(759,13): error TS17004: Cannot use JSX unless the '--jsx' flag is provided.
app/page.tsx(760,15): error TS17004: Cannot use JSX unless the '--jsx' flag is provided.
app/page.tsx(765,17): error TS17004: Cannot use JSX unless the '--jsx' flag is provided.
app/page.tsx(765,18): error TS2741: Property 'children' is missing in type '{ items: Project[]; strategy: SortingStrategy; }' but required in type 'Props'.
app/page.tsx(769,19): error TS17004: Cannot use JSX unless the '--jsx' flag is provided.
app/page.tsx(771,23): error TS17004: Cannot use JSX unless the '--jsx' flag is provided.
app/page.tsx(786,13): error TS17004: Cannot use JSX unless the '--jsx' flag is provided.
app/page.tsx(787,15): error TS17004: Cannot use JSX unless the '--jsx' flag is provided.
app/page.tsx(800,9): error TS17004: Cannot use JSX unless the '--jsx' flag is provided.
app/page.tsx(801,11): error TS17004: Cannot use JSX unless the '--jsx' flag is provided.
app/page.tsx(802,13): error TS17004: Cannot use JSX unless the '--jsx' flag is provided.
app/page.tsx(803,15): error TS17004: Cannot use JSX unless the '--jsx' flag is provided.
app/page.tsx(804,15): error TS17004: Cannot use JSX unless the '--jsx' flag is provided.
app/page.tsx(809,17): error TS17004: Cannot use JSX unless the '--jsx' flag is provided.
app/page.tsx(812,13): error TS17004: Cannot use JSX unless the '--jsx' flag is provided.
app/page.tsx(813,15): error TS17004: Cannot use JSX unless the '--jsx' flag is provided.
app/page.tsx(814,17): error TS17004: Cannot use JSX unless the '--jsx' flag is provided.
app/page.tsx(815,17): error TS17004: Cannot use JSX unless the '--jsx' flag is provided.
app/page.tsx(816,19): error TS17004: Cannot use JSX unless the '--jsx' flag is provided.
app/page.tsx(817,50): error TS17004: Cannot use JSX unless the '--jsx' flag is provided.
app/page.tsx(817,83): error TS17004: Cannot use JSX unless the '--jsx' flag is provided.
app/page.tsx(819,19): error TS17004: Cannot use JSX unless the '--jsx' flag is provided.
app/page.tsx(830,15): error TS17004: Cannot use JSX unless the '--jsx' flag is provided.
app/page.tsx(831,17): error TS17004: Cannot use JSX unless the '--jsx' flag is provided.
app/page.tsx(838,17): error TS17004: Cannot use JSX unless the '--jsx' flag is provided.
node_modules/@dnd-kit/core/dist/components/Accessibility/Accessibility.d.ts(9,129): error TS2503: Cannot find namespace 'JSX'.
node_modules/@dnd-kit/core/dist/components/DndContext/DndContext.d.ts(1,8): error TS1259: Module '"E:/Users/SMC.SIM/Downloads/Minimalist/node_modules/@types/react/index"' can only be default-imported using the 'esModuleInterop' flag
node_modules/@dnd-kit/core/dist/components/DragOverlay/components/AnimationManager/AnimationManager.d.ts(1,8): error TS1259: Module '"E:/Users/SMC.SIM/Downloads/Minimalist/node_modules/@types/react/index"' can only be default-imported using the 'esModuleInterop' flag
node_modules/@dnd-kit/core/dist/components/DragOverlay/components/AnimationManager/AnimationManager.d.ts(8,75): error TS2503: Cannot find namespace 'JSX'.
node_modules/@dnd-kit/core/dist/components/DragOverlay/components/NullifiedContextProvider/NullifiedContextProvider.d.ts(1,8): error TS1259: Module '"E:/Users/SMC.SIM/Downloads/Minimalist/node_modules/@types/react/index"' can only be default-imported using the 'esModuleInterop' flag
node_modules/@dnd-kit/core/dist/components/DragOverlay/components/NullifiedContextProvider/NullifiedContextProvider.d.ts(5,72): error TS2503: Cannot find namespace 'JSX'.
node_modules/@dnd-kit/core/dist/components/DragOverlay/components/PositionedOverlay/PositionedOverlay.d.ts(1,8): error TS1259: Module '"E:/Users/SMC.SIM/Downloads/Minimalist/node_modules/@types/react/index"' can only be default-imported using the 'esModuleInterop' flag
node_modules/@dnd-kit/core/dist/components/DragOverlay/components/PositionedOverlay/PositionedOverlay.d.ts(6,15): error TS2503: Cannot find namespace 'JSX'.
node_modules/@dnd-kit/core/dist/components/DragOverlay/DragOverlay.d.ts(1,8): error TS1259: Module '"E:/Users/SMC.SIM/Downloads/Minimalist/node_modules/@types/react/index"' can only be default-imported using the 'esModuleInterop' flag
node_modules/@dnd-kit/core/dist/components/DragOverlay/DragOverlay.d.ts(8,28): error TS2503: Cannot find namespace 'JSX'.
node_modules/@dnd-kit/core/dist/components/DragOverlay/DragOverlay.d.ts(11,201): error TS2503: Cannot find namespace 'JSX'.
node_modules/@dnd-kit/sortable/dist/components/SortableContext.d.ts(1,8): error TS1259: Module '"E:/Users/SMC.SIM/Downloads/Minimalist/node_modules/@types/react/index"' can only be default-imported using the 'esModuleInterop' flag
node_modules/@dnd-kit/sortable/dist/components/SortableContext.d.ts(25,127): error TS2503: Cannot find namespace 'JSX'.
